%!Adobe-FontList 1.24
%Locale:0x816

%BeginFont
Handler:DirectoryHandler
FontType:TrueType
FontName:PreSinais-Bold
FamilyName:Pré-Sinais
StyleName:Bold
FullName:Pré-Sinais Bold
MenuName:Pré-Sinais
StyleBits:2
WritingScript:Roman
OutlineFileName:D:\ESAD.CR\3º ano\2\Projeto design grafico IV\EX3\Font\Pré-Sinais-SVG.ttf
DataFormat:sfntData
hasSVG:yes
hasCOLR:no
VariableFontType:NonVariableFont
FileLength:74000
FileModTime:1781642408
WeightClass:700
WidthClass:5
AngleClass:0
NameArray:0,Mac,4,PrŽ-Sinais Bold
NameArray:0,Win,1,Pré-Sinais
%EndFont

%BeginFont
Handler:DirectoryHandler
FontType:TrueType
FontName:PreSinais-Bold
FamilyName:Pré-Sinais
StyleName:Bold
FullName:Pré-Sinais Bold
MenuName:Pré-Sinais
StyleBits:2
WritingScript:Roman
OutlineFileName:D:\ESAD.CR\3º ano\2\Projeto design grafico IV\EX3\Font\Pré-Sinais.ttf
DataFormat:sfntData
hasSVG:no
hasCOLR:no
VariableFontType:NonVariableFont
FileLength:36416
FileModTime:1781642408
WeightClass:700
WidthClass:5
AngleClass:0
NameArray:0,Mac,4,PrŽ-Sinais Bold
NameArray:0,Win,1,Pré-Sinais
%EndFont

